
סונ@LAPTOP-BEDIVLT7 MINGW64 ~/Desktop/PP2
$ ls -l
total 0
drwxr-xr-x 1 סונ 197121 0 םג 26 10:17 Week1/

סונ@LAPTOP-BEDIVLT7 MINGW64 ~/Desktop/PP2
$ ls -la
total 4
drwxr-xr-x 1 סונ 197121 0 םג 26 10:17 ./
drwxr-xr-x 1 סונ 197121 0 םג 26 10:17 ../
drwxr-xr-x 1 סונ 197121 0 םג 26 10:17 Week1/

סונ@LAPTOP-BEDIVLT7 MINGW64 ~/Desktop/PP2
$ nano README>md

סונ@LAPTOP-BEDIVLT7 MINGW64 ~/Desktop/PP2
$ nano README.md

סונ@LAPTOP-BEDIVLT7 MINGW64 ~/Desktop/PP2
$ git init
Initialized empty Git repository in C:/Users/סונ/Desktop/PP2/.git/

סונ@LAPTOP-BEDIVLT7 MINGW64 ~/Desktop/PP2 (master)
$ git remote add origin https://github.com/Muragul/PP2.git

סונ@LAPTOP-BEDIVLT7 MINGW64 ~/Desktop/PP2 (master)
$ git status
On branch master

No commits yet

Untracked files:
  (use "git add <file>..." to include in what will be committed)

        README.md
        md

nothing added to commit but untracked files present (use "git add" to track)

סונ@LAPTOP-BEDIVLT7 MINGW64 ~/Desktop/PP2 (master)
$ git add .
warning: LF will be replaced by CRLF in README.md.
The file will have its original line endings in your working directory

סונ@LAPTOP-BEDIVLT7 MINGW64 ~/Desktop/PP2 (master)
$ git commit -m "first commit"

*** Please tell me who you are.

Run

  git config --global user.email "you@example.com"
  git config --global user.name "Your Name"

to set your account's default identity.
Omit --global to set the identity only in this repository.

fatal: unable to auto-detect email address (got '----@LAPTOP-BEDIVLT7.(none)')

סונ@LAPTOP-BEDIVLT7 MINGW64 ~/Desktop/PP2 (master)
$ git config --global user.email "muragulm@gmail.com"

סונ@LAPTOP-BEDIVLT7 MINGW64 ~/Desktop/PP2 (master)
$ git config --global user.name "Muragul"

סונ@LAPTOP-BEDIVLT7 MINGW64 ~/Desktop/PP2 (master)
$ git commit -m "first commit"
[master (root-commit) 81d74e1] first commit
 2 files changed, 3 insertions(+)
 create mode 100644 README.md
 create mode 100644 md

סונ@LAPTOP-BEDIVLT7 MINGW64 ~/Desktop/PP2 (master)
$ git push origin master
Enumerating objects: 4, done.
Counting objects: 100% (4/4), done.
Delta compression using up to 2 threads
Compressing objects: 100% (3/3), done.
Writing objects: 100% (4/4), 590 bytes | 118.00 KiB/s, done.
Total 4 (delta 0), reused 0 (delta 0)
To https://github.com/Muragul/PP2.git
 * [new branch]      master -> master

סונ@LAPTOP-BEDIVLT7 MINGW64 ~/Desktop/PP2 (master)
$ ls -l
total 5
-rw-r--r-- 1 סונ 197121 877 םג 26 11:41 md
-rw-r--r-- 1 סונ 197121  10 םג 26 11:41 README.md
drwxr-xr-x 1 סונ 197121   0 םג 26 10:17 Week1/

סונ@LAPTOP-BEDIVLT7 MINGW64 ~/Desktop/PP2 (master)
$ rm -rf md

סונ@LAPTOP-BEDIVLT7 MINGW64 ~/Desktop/PP2 (master)
$ git status
On branch master
Changes not staged for commit:
  (use "git add/rm <file>..." to update what will be committed)
  (use "git checkout -- <file>..." to discard changes in working directory)

        deleted:    md

no changes added to commit (use "git add" and/or "git commit -a")

סונ@LAPTOP-BEDIVLT7 MINGW64 ~/Desktop/PP2 (master)
$ git add .

סונ@LAPTOP-BEDIVLT7 MINGW64 ~/Desktop/PP2 (master)
$ git add -u

סונ@LAPTOP-BEDIVLT7 MINGW64 ~/Desktop/PP2 (master)
$ git commit -m "deleted md file"
[master ecc7525] deleted md file
 1 file changed, 1 deletion(-)
 delete mode 100644 md

סונ@LAPTOP-BEDIVLT7 MINGW64 ~/Desktop/PP2 (master)
$ git push origin master
Enumerating objects: 3, done.
Counting objects: 100% (3/3), done.
Delta compression using up to 2 threads
Compressing objects: 100% (1/1), done.
Writing objects: 100% (2/2), 230 bytes | 115.00 KiB/s, done.
Total 2 (delta 0), reused 0 (delta 0)
To https://github.com/Muragul/PP2.git
   81d74e1..ecc7525  master -> master

סונ@LAPTOP-BEDIVLT7 MINGW64 ~/Desktop/PP2 (master)
